
===========================================================================
 report_power
============================================================================
======================= Fastest Corner ===================================

Group                  Internal  Switching    Leakage      Total
                          Power      Power      Power      Power (Watts)
----------------------------------------------------------------
Sequential             1.47e-04   5.96e-06   1.42e-07   1.53e-04  43.8%
Combinational          1.21e-04   7.55e-05   2.18e-09   1.97e-04  56.2%
Macro                  0.00e+00   0.00e+00   0.00e+00   0.00e+00   0.0%
Pad                    0.00e+00   0.00e+00   0.00e+00   0.00e+00   0.0%
----------------------------------------------------------------
Total                  2.68e-04   8.15e-05   1.44e-07   3.50e-04 100.0%
                          76.6%      23.3%       0.0%

======================= Slowest Corner ===================================

Group                  Internal  Switching    Leakage      Total
                          Power      Power      Power      Power (Watts)
----------------------------------------------------------------
Sequential             9.78e-05   3.86e-06   5.65e-07   1.02e-04  42.9%
Combinational          8.60e-05   4.90e-05   7.61e-07   1.36e-04  57.1%
Macro                  0.00e+00   0.00e+00   0.00e+00   0.00e+00   0.0%
Pad                    0.00e+00   0.00e+00   0.00e+00   0.00e+00   0.0%
----------------------------------------------------------------
Total                  1.84e-04   5.29e-05   1.33e-06   2.38e-04 100.0%
                          77.2%      22.2%       0.6%

======================= Typical Corner ===================================

Group                  Internal  Switching    Leakage      Total
                          Power      Power      Power      Power (Watts)
----------------------------------------------------------------
Sequential             1.26e-04   4.97e-06   1.42e-07   1.31e-04  43.7%
Combinational          1.06e-04   6.34e-05   1.05e-09   1.69e-04  56.3%
Macro                  0.00e+00   0.00e+00   0.00e+00   0.00e+00   0.0%
Pad                    0.00e+00   0.00e+00   0.00e+00   0.00e+00   0.0%
----------------------------------------------------------------
Total                  2.32e-04   6.84e-05   1.43e-07   3.01e-04 100.0%
                          77.2%      22.7%       0.0%

