
===========================================================================
report_checks -unconstrained
===========================================================================
======================= Typical Corner ===================================

Startpoint: rst_n (input port clocked by clk)
Endpoint: _166_ (recovery check against rising-edge clock clk)
Path Group: asynchronous
Path Type: max

Fanout     Cap    Slew   Delay    Time   Description
-----------------------------------------------------------------------------
                          0.00    0.00   clock clk (rise edge)
                          0.00    0.00   clock network delay (propagated)
                          2.00    2.00 ^ input external delay
                  0.02    0.01    2.01 ^ rst_n (in)
     1    0.00                           rst_n (net)
                  0.02    0.00    2.01 ^ input1/A (sky130_fd_sc_hd__clkbuf_1)
                  0.05    0.08    2.09 ^ input1/X (sky130_fd_sc_hd__clkbuf_1)
     1    0.00                           net1 (net)
                  0.05    0.00    2.09 ^ fanout35/A (sky130_fd_sc_hd__clkbuf_2)
                  0.13    0.18    2.27 ^ fanout35/X (sky130_fd_sc_hd__clkbuf_2)
     5    0.02                           net35 (net)
                  0.13    0.00    2.27 ^ fanout33/A (sky130_fd_sc_hd__buf_2)
                  0.19    0.26    2.53 ^ fanout33/X (sky130_fd_sc_hd__buf_2)
     8    0.04                           net33 (net)
                  0.19    0.00    2.53 ^ _166_/RESET_B (sky130_fd_sc_hd__dfrtp_1)
                                  2.53   data arrival time

                         10.00   10.00   clock clk (rise edge)
                          0.00   10.00   clock source latency
                  0.08    0.05   10.05 ^ clk (in)
     1    0.02                           clk (net)
                  0.08    0.00   10.05 ^ clkbuf_0_clk/A (sky130_fd_sc_hd__clkbuf_16)
                  0.06    0.15   10.20 ^ clkbuf_0_clk/X (sky130_fd_sc_hd__clkbuf_16)
     4    0.04                           clknet_0_clk (net)
                  0.06    0.00   10.20 ^ clkbuf_2_1__f_clk/A (sky130_fd_sc_hd__clkbuf_16)
                  0.04    0.13   10.33 ^ clkbuf_2_1__f_clk/X (sky130_fd_sc_hd__clkbuf_16)
     8    0.02                           clknet_2_1__leaf_clk (net)
                  0.04    0.00   10.33 ^ _166_/CLK (sky130_fd_sc_hd__dfrtp_1)
                         -0.25   10.08   clock uncertainty
                          0.00   10.08   clock reconvergence pessimism
                          0.19   10.27   library recovery time
                                 10.27   data required time
-----------------------------------------------------------------------------
                                 10.27   data required time
                                 -2.53   data arrival time
-----------------------------------------------------------------------------
                                  7.74   slack (MET)


Startpoint: _173_ (rising edge-triggered flip-flop clocked by clk)
Endpoint: _152_ (rising edge-triggered flip-flop clocked by clk)
Path Group: clk
Path Type: max

Fanout     Cap    Slew   Delay    Time   Description
-----------------------------------------------------------------------------
                          0.00    0.00   clock clk (rise edge)
                          0.00    0.00   clock source latency
                  0.08    0.06    0.06 ^ clk (in)
     1    0.02                           clk (net)
                  0.08    0.00    0.06 ^ clkbuf_0_clk/A (sky130_fd_sc_hd__clkbuf_16)
                  0.06    0.16    0.22 ^ clkbuf_0_clk/X (sky130_fd_sc_hd__clkbuf_16)
     4    0.04                           clknet_0_clk (net)
                  0.06    0.00    0.22 ^ clkbuf_2_0__f_clk/A (sky130_fd_sc_hd__clkbuf_16)
                  0.05    0.14    0.36 ^ clkbuf_2_0__f_clk/X (sky130_fd_sc_hd__clkbuf_16)
     8    0.02                           clknet_2_0__leaf_clk (net)
                  0.05    0.00    0.36 ^ _173_/CLK (sky130_fd_sc_hd__dfrtp_1)
                  0.06    0.40    0.76 v _173_/Q (sky130_fd_sc_hd__dfrtp_1)
     3    0.01                           net19 (net)
                  0.06    0.00    0.76 v _076_/A (sky130_fd_sc_hd__or4_1)
                  0.10    0.57    1.33 v _076_/X (sky130_fd_sc_hd__or4_1)
     1    0.01                           _049_ (net)
                  0.10    0.00    1.33 v _079_/B (sky130_fd_sc_hd__or4_1)
                  0.12    0.60    1.93 v _079_/X (sky130_fd_sc_hd__or4_1)
     3    0.01                           _052_ (net)
                  0.12    0.00    1.93 v _089_/C (sky130_fd_sc_hd__or4_1)
                  0.08    0.50    2.43 v _089_/X (sky130_fd_sc_hd__or4_1)
     1    0.00                           _061_ (net)
                  0.08    0.00    2.43 v _090_/A (sky130_fd_sc_hd__buf_1)
                  0.09    0.16    2.59 v _090_/X (sky130_fd_sc_hd__buf_1)
     4    0.01                           _062_ (net)
                  0.09    0.00    2.59 v _097_/A1 (sky130_fd_sc_hd__o21bai_1)
                  0.11    0.16    2.75 ^ _097_/Y (sky130_fd_sc_hd__o21bai_1)
     1    0.00                           _004_ (net)
                  0.11    0.00    2.75 ^ hold2/A (sky130_fd_sc_hd__dlygate4sd3_1)
                  0.06    0.59    3.34 ^ hold2/X (sky130_fd_sc_hd__dlygate4sd3_1)
     1    0.00                           net103 (net)
                  0.06    0.00    3.34 ^ _152_/D (sky130_fd_sc_hd__dfrtp_1)
                                  3.34   data arrival time

                         10.00   10.00   clock clk (rise edge)
                          0.00   10.00   clock source latency
                  0.08    0.05   10.05 ^ clk (in)
     1    0.02                           clk (net)
                  0.08    0.00   10.05 ^ clkbuf_0_clk/A (sky130_fd_sc_hd__clkbuf_16)
                  0.06    0.15   10.20 ^ clkbuf_0_clk/X (sky130_fd_sc_hd__clkbuf_16)
     4    0.04                           clknet_0_clk (net)
                  0.06    0.00   10.20 ^ clkbuf_2_3__f_clk/A (sky130_fd_sc_hd__clkbuf_16)
                  0.04    0.13   10.32 ^ clkbuf_2_3__f_clk/X (sky130_fd_sc_hd__clkbuf_16)
     8    0.02                           clknet_2_3__leaf_clk (net)
                  0.04    0.00   10.33 ^ _152_/CLK (sky130_fd_sc_hd__dfrtp_1)
                         -0.25   10.08   clock uncertainty
                          0.02   10.10   clock reconvergence pessimism
                         -0.06   10.03   library setup time
                                 10.03   data required time
-----------------------------------------------------------------------------
                                 10.03   data required time
                                 -3.34   data arrival time
-----------------------------------------------------------------------------
                                  6.69   slack (MET)




===========================================================================
report_checks --slack_max -0.01
============================================================================
======================= Typical Corner ===================================

No paths found.


===========================================================================
 report_check_types -max_slew -max_cap -max_fanout -violators
============================================================================
======================= Typical Corner ===================================



===========================================================================
report_parasitic_annotation -report_unannotated
============================================================================
Found 66 unannotated drivers.
 vortex_top_100/HI
 vortex_top_101/HI
 vortex_top_36/HI
 vortex_top_37/HI
 vortex_top_38/HI
 vortex_top_39/HI
 vortex_top_40/HI
 vortex_top_41/HI
 vortex_top_42/HI
 vortex_top_43/HI
 vortex_top_44/HI
 vortex_top_45/HI
 vortex_top_46/HI
 vortex_top_47/HI
 vortex_top_48/HI
 vortex_top_49/HI
 vortex_top_50/HI
 vortex_top_51/HI
 vortex_top_52/HI
 vortex_top_53/HI
 vortex_top_54/HI
 vortex_top_55/HI
 vortex_top_56/HI
 vortex_top_57/HI
 vortex_top_58/HI
 vortex_top_59/HI
 vortex_top_60/HI
 vortex_top_61/HI
 vortex_top_62/HI
 vortex_top_63/HI
 vortex_top_64/HI
 vortex_top_65/HI
 vortex_top_66/HI
 vortex_top_67/HI
 vortex_top_68/HI
 vortex_top_69/HI
 vortex_top_70/HI
 vortex_top_71/HI
 vortex_top_72/HI
 vortex_top_73/HI
 vortex_top_74/HI
 vortex_top_75/HI
 vortex_top_76/HI
 vortex_top_77/HI
 vortex_top_78/HI
 vortex_top_79/HI
 vortex_top_80/HI
 vortex_top_81/HI
 vortex_top_82/HI
 vortex_top_83/HI
 vortex_top_84/HI
 vortex_top_85/HI
 vortex_top_86/HI
 vortex_top_87/HI
 vortex_top_88/HI
 vortex_top_89/HI
 vortex_top_90/HI
 vortex_top_91/HI
 vortex_top_92/HI
 vortex_top_93/HI
 vortex_top_94/HI
 vortex_top_95/HI
 vortex_top_96/HI
 vortex_top_97/HI
 vortex_top_98/HI
 vortex_top_99/HI
Found 0 partially unannotated drivers.

===========================================================================
max slew violation count 0
max fanout violation count 0
max cap violation count 0
============================================================================

===========================================================================
check_setup -verbose -unconstrained_endpoints -multiple_clock -no_clock -no_input_delay -loops -generated_clocks
===========================================================================
Warning: There are 66 unconstrained endpoints.
  debug_alu_result[0]
  debug_alu_result[10]
  debug_alu_result[11]
  debug_alu_result[12]
  debug_alu_result[13]
  debug_alu_result[14]
  debug_alu_result[15]
  debug_alu_result[16]
  debug_alu_result[17]
  debug_alu_result[18]
  debug_alu_result[19]
  debug_alu_result[1]
  debug_alu_result[20]
  debug_alu_result[21]
  debug_alu_result[22]
  debug_alu_result[23]
  debug_alu_result[24]
  debug_alu_result[25]
  debug_alu_result[26]
  debug_alu_result[27]
  debug_alu_result[28]
  debug_alu_result[29]
  debug_alu_result[2]
  debug_alu_result[30]
  debug_alu_result[31]
  debug_alu_result[3]
  debug_alu_result[4]
  debug_alu_result[5]
  debug_alu_result[6]
  debug_alu_result[7]
  debug_alu_result[8]
  debug_alu_result[9]
  debug_instruction[0]
  debug_instruction[10]
  debug_instruction[11]
  debug_instruction[12]
  debug_instruction[13]
  debug_instruction[14]
  debug_instruction[15]
  debug_instruction[16]
  debug_instruction[17]
  debug_instruction[18]
  debug_instruction[19]
  debug_instruction[1]
  debug_instruction[20]
  debug_instruction[21]
  debug_instruction[22]
  debug_instruction[23]
  debug_instruction[24]
  debug_instruction[25]
  debug_instruction[26]
  debug_instruction[27]
  debug_instruction[28]
  debug_instruction[29]
  debug_instruction[2]
  debug_instruction[30]
  debug_instruction[31]
  debug_instruction[3]
  debug_instruction[4]
  debug_instruction[5]
  debug_instruction[6]
  debug_instruction[7]
  debug_instruction[8]
  debug_instruction[9]
  debug_pc[0]
  debug_pc[1]
