
===========================================================================
 report_power
============================================================================
======================= Fastest Corner ===================================

Group                  Internal  Switching    Leakage      Total
                          Power      Power      Power      Power (Watts)
----------------------------------------------------------------
Sequential             1.47e-04   6.25e-06   1.42e-07   1.53e-04  43.6%
Combinational          1.21e-04   7.73e-05   2.18e-09   1.98e-04  56.4%
Macro                  0.00e+00   0.00e+00   0.00e+00   0.00e+00   0.0%
Pad                    0.00e+00   0.00e+00   0.00e+00   0.00e+00   0.0%
----------------------------------------------------------------
Total                  2.68e-04   8.36e-05   1.44e-07   3.52e-04 100.0%
                          76.2%      23.8%       0.0%

======================= Slowest Corner ===================================

Group                  Internal  Switching    Leakage      Total
                          Power      Power      Power      Power (Watts)
----------------------------------------------------------------
Sequential             9.77e-05   4.05e-06   5.65e-07   1.02e-04  42.7%
Combinational          8.61e-05   5.02e-05   7.61e-07   1.37e-04  57.3%
Macro                  0.00e+00   0.00e+00   0.00e+00   0.00e+00   0.0%
Pad                    0.00e+00   0.00e+00   0.00e+00   0.00e+00   0.0%
----------------------------------------------------------------
Total                  1.84e-04   5.43e-05   1.33e-06   2.39e-04 100.0%
                          76.8%      22.7%       0.6%

======================= Typical Corner ===================================

Group                  Internal  Switching    Leakage      Total
                          Power      Power      Power      Power (Watts)
----------------------------------------------------------------
Sequential             1.26e-04   5.21e-06   1.42e-07   1.32e-04  43.5%
Combinational          1.06e-04   6.49e-05   1.05e-09   1.71e-04  56.5%
Macro                  0.00e+00   0.00e+00   0.00e+00   0.00e+00   0.0%
Pad                    0.00e+00   0.00e+00   0.00e+00   0.00e+00   0.0%
----------------------------------------------------------------
Total                  2.32e-04   7.01e-05   1.43e-07   3.02e-04 100.0%
                          76.8%      23.2%       0.0%

